Reading netlist file: "C:\Users\torre\Downloads\pure_tone_432_FPGA-main\pure_tone_432_FPGA-main\impl\gwsynthesis\pure_tone_432.vg"
Parsing netlist file "C:\Users\torre\Downloads\pure_tone_432_FPGA-main\pure_tone_432_FPGA-main\impl\gwsynthesis\pure_tone_432.vg" completed
Processing netlist completed
Reading constraint file: "C:\Users\torre\Downloads\pure_tone_432_FPGA-main\pure_tone_432_FPGA-main\src\pure_tone_432.cst"
Physical Constraint parsed completed
Running placement......
[10%] Placement Phase 0 completed
[20%] Placement Phase 1 completed
[30%] Placement Phase 2 completed
WARN  (TA1132) :  'i2s_lrclk_d' was determined to be a clock but was not created.
[50%] Placement Phase 3 completed
Running routing......
[60%] Routing Phase 0 completed
[70%] Routing Phase 1 completed
[80%] Routing Phase 2 completed
[90%] Routing Phase 3 completed
Running timing analysis......
[95%] Timing analysis completed
Placement and routing completed
Bitstream generation in progress......
Bitstream generation completed
Running power analysis......
[100%] Power analysis completed
Generate file "C:\Users\torre\Downloads\pure_tone_432_FPGA-main\pure_tone_432_FPGA-main\impl\pnr\pure_tone_432.power.html" completed
Generate file "C:\Users\torre\Downloads\pure_tone_432_FPGA-main\pure_tone_432_FPGA-main\impl\pnr\pure_tone_432.pin.html" completed
Generate file "C:\Users\torre\Downloads\pure_tone_432_FPGA-main\pure_tone_432_FPGA-main\impl\pnr\pure_tone_432.rpt.html" completed
Generate file "C:\Users\torre\Downloads\pure_tone_432_FPGA-main\pure_tone_432_FPGA-main\impl\pnr\pure_tone_432.rpt.txt" completed
Generate file "C:\Users\torre\Downloads\pure_tone_432_FPGA-main\pure_tone_432_FPGA-main\impl\pnr\pure_tone_432.tr.html" completed
Fri May 29 16:18:33 2026

