GowinSynthesis start
Running parser ...
Analyzing Verilog file 'C:\Users\torre\Downloads\pure_tone_432_FPGA-main\pure_tone_432_FPGA-main\src\I2S_TX.v'
Analyzing Verilog file 'C:\Users\torre\Downloads\pure_tone_432_FPGA-main\pure_tone_432_FPGA-main\src\gowin_rpll\gowin_rpll.v'
Analyzing Verilog file 'C:\Users\torre\Downloads\pure_tone_432_FPGA-main\pure_tone_432_FPGA-main\src\string_bank_4.v'
Analyzing Verilog file 'C:\Users\torre\Downloads\pure_tone_432_FPGA-main\pure_tone_432_FPGA-main\src\string_voice.v'
Analyzing Verilog file 'C:\Users\torre\Downloads\pure_tone_432_FPGA-main\pure_tone_432_FPGA-main\src\top_audio.v'
Compiling module 'top_audio'("C:\Users\torre\Downloads\pure_tone_432_FPGA-main\pure_tone_432_FPGA-main\src\top_audio.v":1)
Compiling module 'Gowin_rPLL'("C:\Users\torre\Downloads\pure_tone_432_FPGA-main\pure_tone_432_FPGA-main\src\gowin_rpll\gowin_rpll.v":10)
Compiling module 'tone_bank_4'("C:\Users\torre\Downloads\pure_tone_432_FPGA-main\pure_tone_432_FPGA-main\src\string_bank_4.v":1)
Compiling module 'i2s_tx'("C:\Users\torre\Downloads\pure_tone_432_FPGA-main\pure_tone_432_FPGA-main\src\I2S_TX.v":5)
NOTE  (EX0101) : Current top module is "top_audio"
[5%] Running netlist conversion ...
Running device independent optimization ...
[10%] Optimizing Phase 0 completed
[15%] Optimizing Phase 1 completed
[25%] Optimizing Phase 2 completed
Running inference ...
[30%] Inferring Phase 0 completed
[40%] Inferring Phase 1 completed
[50%] Inferring Phase 2 completed
[55%] Inferring Phase 3 completed
Running technical mapping ...
[60%] Tech-Mapping Phase 0 completed
[65%] Tech-Mapping Phase 1 completed
[75%] Tech-Mapping Phase 2 completed
[80%] Tech-Mapping Phase 3 completed
[90%] Tech-Mapping Phase 4 completed
[95%] Generate netlist file "C:\Users\torre\Downloads\pure_tone_432_FPGA-main\pure_tone_432_FPGA-main\impl\gwsynthesis\pure_tone_432.vg" completed
[100%] Generate report file "C:\Users\torre\Downloads\pure_tone_432_FPGA-main\pure_tone_432_FPGA-main\impl\gwsynthesis\pure_tone_432_syn.rpt.html" completed
GowinSynthesis finish
